TAP version 13
# Subtest: required CI has read-only repository authority and never persists checkout credentials
ok 1 - required CI has read-only repository authority and never persists checkout credentials
  ---
  duration_ms: 17.3381
  type: 'test'
  ...
# Subtest: every install lane proves exact-candidate local-tooling absence before npm install
ok 2 - every install lane proves exact-candidate local-tooling absence before npm install
  ---
  duration_ms: 5.5695
  type: 'test'
  ...
# Subtest: required test check provisions only isolated PostgreSQL and loopback Redis services
ok 3 - required test check provisions only isolated PostgreSQL and loopback Redis services
  ---
  duration_ms: 7.9372
  type: 'test'
  ...
# Subtest: CI delegates the complete suite and deterministic provider policy to one runner
ok 4 - CI delegates the complete suite and deterministic provider policy to one runner
  ---
  duration_ms: 4.944
  type: 'test'
  ...
# Subtest: database recreation authority is scoped only to the runner and migration proof
ok 5 - database recreation authority is scoped only to the runner and migration proof
  ---
  duration_ms: 2.6571
  type: 'test'
  ...
# Subtest: required test stages preserve install-runner-evidence-role-legal ordering
ok 6 - required test stages preserve install-runner-evidence-role-legal ordering
  ---
  duration_ms: 2.8301
  type: 'test'
  ...
# Subtest: required test evidence is exact-SHA named and cannot pass without a report
ok 7 - required test evidence is exact-SHA named and cannot pass without a report
  ---
  duration_ms: 3.9492
  type: 'test'
  ...
# Subtest: required test check does not depend on ambient shared infrastructure secrets
ok 8 - required test check does not depend on ambient shared infrastructure secrets
  ---
  duration_ms: 1.7775
  type: 'test'
  ...
# Subtest: package exposes cross-platform fail-closed required and hygiene runners
ok 9 - package exposes cross-platform fail-closed required and hygiene runners
  ---
  duration_ms: 2.2793
  type: 'test'
  ...
# Subtest: public-repository security checks are enforcing and bind to the PR head candidate
ok 10 - public-repository security checks are enforcing and bind to the PR head candidate
  ---
  duration_ms: 13.9303
  type: 'test'
  ...
# Subtest: build validation executes PostgreSQL proofs and verifies the exact candidate image
ok 11 - build validation executes PostgreSQL proofs and verifies the exact candidate image
  ---
  duration_ms: 8.3639
  type: 'test'
  ...
# Subtest: required tests delegate isolated infrastructure and frozen-provider policy to one runner
ok 12 - required tests delegate isolated infrastructure and frozen-provider policy to one runner
  ---
  duration_ms: 5.2825
  type: 'test'
  ...
# Subtest: recreate authority and required-test ordering stay narrow and fail closed
ok 13 - recreate authority and required-test ordering stay narrow and fail closed
  ---
  duration_ms: 5.2981
  type: 'test'
  ...
# Subtest: trusts Railway commit provenance for a production engine artifact
ok 14 - trusts Railway commit provenance for a production engine artifact
  ---
  duration_ms: 2.5754
  type: 'test'
  ...
# Subtest: marks a dirty local Git fallback without blocking development
ok 15 - marks a dirty local Git fallback without blocking development
  ---
  duration_ms: 0.3846
  type: 'test'
  ...
# Subtest: rejects unattributed or dirty production engine artifacts
ok 16 - rejects unattributed or dirty production engine artifacts
  ---
  duration_ms: 1.1104
  type: 'test'
  ...
# Subtest: creates and measures a missing artifact directory without trusting an empty tree
ok 17 - creates and measures a missing artifact directory without trusting an empty tree
  ---
  duration_ms: 23.4674
  type: 'test'
  ...
1..17
# tests 17
# suites 0
# pass 17
# fail 0
# cancelled 0
# skipped 0
# todo 0
# duration_ms 246.2634
